// Jest Snapshot v1, https://goo.gl/fbAQLP

exports[`Result renders correctly 1`] = `
<article
  className="ecl-u-d-flex ecl-u-border-bottom ecl-u-border-color-grey-15 ecl-u-pv-m"
>
  <div
    className="ecl-u-flex-grow-1"
  >
    <div
      className="ecl-u-type-prolonged-m ecl-u-type-bold ecl-u-mt-xs"
    >
      <a
        className="ecl-u-type-prolonged-m ecl-u-type-bold ecl-link"
      />
    </div>
    <ul
      className="ecl-u-mt-m ecl-unordered-list ecl-unordered-list--no-bullet"
    >
      <li
        className="ecl-u-d-flex ecl-u-align-items-center ecl-u-type-color-grey-75 ecl-unordered-list__item"
      >
        <svg
          aria-hidden="true"
          className="ecl-icon--m ecl-icon ecl-icon--m"
          focusable="false"
        >
          
          
          <use
            xlinkHref="file#general--organigram"
          />
        </svg>
        <span
          className="ecl-u-type-s ecl-u-ml-s"
        >
          Current status
          : 
        </span>
      </li>
      <li
        className="ecl-u-d-flex ecl-u-align-items-center ecl-u-type-color-grey-75 ecl-unordered-list__item"
      >
        <svg
          aria-hidden="true"
          className="ecl-icon--m ecl-icon ecl-icon--m"
          focusable="false"
        >
          
          
          <use
            xlinkHref="file#general--edit"
          />
        </svg>
        <span
          className="ecl-u-type-s ecl-u-ml-s"
        >
          Registration number
          : 
        </span>
      </li>
    </ul>
  </div>
  <div
    className="ecl-u-media-ratio-3-2 ecl-u-flex-shrink-0 ecl-u-ml-xl ecl-u-d-lg-none"
    role="img"
    style={
      Object {
        "backgroundImage": "url('undefined')",
        "backgroundRepeat": "no-repeat",
        "backgroundSize": "contain",
        "height": "5rem",
        "width": "7.5rem",
      }
    }
  />
  <div
    className="ecl-u-media-ratio-3-2 ecl-u-flex-shrink-0 ecl-u-ml-xl ecl-u-d-none ecl-u-d-lg-block"
    role="img"
    style={
      Object {
        "backgroundImage": "url('undefined')",
        "backgroundRepeat": "no-repeat",
        "backgroundSize": "contain",
        "height": "8.75rem",
        "width": "13.125rem",
      }
    }
  />
</article>
`;
