// Jest Snapshot v1, https://goo.gl/fbAQLP

exports[`Counter renders placeholders on lack of statistics 1`] = `
<p
  className="ecl-u-type-paragraph ecl-u-mt-l ecl-u-d-flex ecl-u-justify-content-between"
>
  <span
    className="ecl-u-d-flex ecl-u-align-items-center"
  >
    <svg
      aria-hidden="true"
      className="ecl-u-mr-xs ecl-icon ecl-icon--m"
      focusable="false"
    >
      
      
      <use
        xlinkHref="file#general--file"
      />
    </svg>
    ...
     
    registration requests
  </span>
  <span
    className="ecl-u-d-flex ecl-u-align-items-center"
  >
    <svg
      aria-hidden="true"
      className="ecl-u-mr-xs ecl-icon ecl-icon--m"
      focusable="false"
    >
      
      
      <use
        xlinkHref="file#general--edit"
      />
    </svg>
    ...
     
    initiatives registered
  </span>
  <span
    className="ecl-u-d-flex ecl-u-align-items-center"
  >
    <svg
      aria-hidden="true"
      className="ecl-u-mr-xs ecl-icon ecl-icon--m"
      focusable="false"
    >
      
      
      <use
        xlinkHref="file#ui--check-filled"
      />
    </svg>
    ...
     
    successful initiatives
  </span>
</p>
`;

exports[`Counter renders registered when provided 1`] = `
<p
  className="ecl-u-type-paragraph ecl-u-mt-l ecl-u-d-flex ecl-u-justify-content-between"
>
  <span
    className="ecl-u-d-flex ecl-u-align-items-center"
  >
    <svg
      aria-hidden="true"
      className="ecl-u-mr-xs ecl-icon ecl-icon--m"
      focusable="false"
    >
      
      
      <use
        xlinkHref="file#general--file"
      />
    </svg>
    ...
     
    registration requests
  </span>
  <span
    className="ecl-u-d-flex ecl-u-align-items-center"
  >
    <svg
      aria-hidden="true"
      className="ecl-u-mr-xs ecl-icon ecl-icon--m"
      focusable="false"
    >
      
      
      <use
        xlinkHref="file#general--edit"
      />
    </svg>
    2
     
    initiatives registered
  </span>
  <span
    className="ecl-u-d-flex ecl-u-align-items-center"
  >
    <svg
      aria-hidden="true"
      className="ecl-u-mr-xs ecl-icon ecl-icon--m"
      focusable="false"
    >
      
      
      <use
        xlinkHref="file#ui--check-filled"
      />
    </svg>
    ...
     
    successful initiatives
  </span>
</p>
`;

exports[`Counter renders requests when provided 1`] = `
<p
  className="ecl-u-type-paragraph ecl-u-mt-l ecl-u-d-flex ecl-u-justify-content-between"
>
  <span
    className="ecl-u-d-flex ecl-u-align-items-center"
  >
    <svg
      aria-hidden="true"
      className="ecl-u-mr-xs ecl-icon ecl-icon--m"
      focusable="false"
    >
      
      
      <use
        xlinkHref="file#general--file"
      />
    </svg>
    1
     
    registration requests
  </span>
  <span
    className="ecl-u-d-flex ecl-u-align-items-center"
  >
    <svg
      aria-hidden="true"
      className="ecl-u-mr-xs ecl-icon ecl-icon--m"
      focusable="false"
    >
      
      
      <use
        xlinkHref="file#general--edit"
      />
    </svg>
    ...
     
    initiatives registered
  </span>
  <span
    className="ecl-u-d-flex ecl-u-align-items-center"
  >
    <svg
      aria-hidden="true"
      className="ecl-u-mr-xs ecl-icon ecl-icon--m"
      focusable="false"
    >
      
      
      <use
        xlinkHref="file#ui--check-filled"
      />
    </svg>
    ...
     
    successful initiatives
  </span>
</p>
`;

exports[`Counter renders successful when provided 1`] = `
<p
  className="ecl-u-type-paragraph ecl-u-mt-l ecl-u-d-flex ecl-u-justify-content-between"
>
  <span
    className="ecl-u-d-flex ecl-u-align-items-center"
  >
    <svg
      aria-hidden="true"
      className="ecl-u-mr-xs ecl-icon ecl-icon--m"
      focusable="false"
    >
      
      
      <use
        xlinkHref="file#general--file"
      />
    </svg>
    ...
     
    registration requests
  </span>
  <span
    className="ecl-u-d-flex ecl-u-align-items-center"
  >
    <svg
      aria-hidden="true"
      className="ecl-u-mr-xs ecl-icon ecl-icon--m"
      focusable="false"
    >
      
      
      <use
        xlinkHref="file#general--edit"
      />
    </svg>
    ...
     
    initiatives registered
  </span>
  <span
    className="ecl-u-d-flex ecl-u-align-items-center"
  >
    <svg
      aria-hidden="true"
      className="ecl-u-mr-xs ecl-icon ecl-icon--m"
      focusable="false"
    >
      
      
      <use
        xlinkHref="file#ui--check-filled"
      />
    </svg>
    3
     
    successful initiatives
  </span>
</p>
`;
