// Jest Snapshot v1, https://goo.gl/fbAQLP

exports[`Item Returns an empty string on missing input 1`] = `""`;
