// Jest Snapshot v1, https://goo.gl/fbAQLP

exports[`ListNested Returns an empty string on missing input 1`] = `""`;
