// Jest Snapshot v1, https://goo.gl/fbAQLP

exports[`Icon renders correctly 1`] = `
<svg
  aria-hidden="true"
  className="ecl-icon ecl-icon--m"
  focusable="false"
>
  
  
  <use
    xlinkHref="file#ui-download"
  />
</svg>
`;
