// Jest Snapshot v1, https://goo.gl/fbAQLP

exports[`FileDownload renders correctly 1`] = `
<div
  className="ecl-file"
  data-ecl-file={true}
>
  <div
    className="ecl-file__container"
  >
    <svg
      aria-hidden="true"
      className="ecl-file__icon ecl-icon ecl-icon--m"
      focusable="false"
    >
      
      
      <use
        xlinkHref="file#"
      />
    </svg>
    <div
      className="ecl-file__info"
    >
      <div
        className="ecl-file__title"
      >
        
      </div>
      <div
        className="ecl-file__language"
      >
        
      </div>
      <div
        className="ecl-file__meta"
      >
        
      </div>
    </div>
    <a
      className="ecl-file__download ecl-link ecl-link--standalone ecl-link--icon ecl-link--icon-after"
      download={true}
      href=""
    >
      <span
        className="ecl-link__label"
      >
        
      </span>
      Â 
      <svg
        aria-hidden="true"
        className="ecl-link__icon ecl-icon ecl-icon--fluid"
        focusable="false"
      >
        
        
        <use
          xlinkHref="file#ui--download"
        />
      </svg>
    </a>
  </div>
</div>
`;
